=== RUN   TestGetUserRolesMe
=== RUN   TestGetUserRolesMe/get_current_user_system_roles_success_and_return_200
=== RUN   TestGetUserRolesMe/get_current_user_resource_roles_success_and_return_200
=== RUN   TestGetUserRolesMe/get_user_roles_missing_scope_parameter_and_return_400
=== RUN   TestGetUserRolesMe/get_resource_roles_missing_resource_type_parameter_and_return_400
=== RUN   TestGetUserRolesMe/get_user_roles_invalid_scope_value_and_return_400
=== RUN   TestGetUserRolesMe/get_user_roles_unauthorized_(no_token)_and_return_401
=== RUN   TestGetUserRolesMe/get_user_roles_forbidden_(missing_system_read_permission)_and_return_403
=== RUN   TestGetUserRolesMe/get_user_roles_forbidden_(missing_resource_read_permission)_and_return_403
=== RUN   TestGetUserRolesMe/get_user_roles_internal_server_error_and_return_500
=== RUN   TestGetUserRolesMe/get_user_roles_should_only_return_roles_of_current_user
    get_user_roles_me_test.go:210: 
        	Error Trace:	C:/Users/wenmo/work/rbac7/tests/get_user_roles_me_test.go:210
        	Error:      	"null\n" does not contain "u_correct"
        	Test:       	TestGetUserRolesMe/get_user_roles_should_only_return_roles_of_current_user
--- FAIL: TestGetUserRolesMe (0.00s)
    --- PASS: TestGetUserRolesMe/get_current_user_system_roles_success_and_return_200 (0.00s)
    --- PASS: TestGetUserRolesMe/get_current_user_resource_roles_success_and_return_200 (0.00s)
    --- PASS: TestGetUserRolesMe/get_user_roles_missing_scope_parameter_and_return_400 (0.00s)
    --- PASS: TestGetUserRolesMe/get_resource_roles_missing_resource_type_parameter_and_return_400 (0.00s)
    --- PASS: TestGetUserRolesMe/get_user_roles_invalid_scope_value_and_return_400 (0.00s)
    --- PASS: TestGetUserRolesMe/get_user_roles_unauthorized_(no_token)_and_return_401 (0.00s)
    --- PASS: TestGetUserRolesMe/get_user_roles_forbidden_(missing_system_read_permission)_and_return_403 (0.00s)
    --- PASS: TestGetUserRolesMe/get_user_roles_forbidden_(missing_resource_read_permission)_and_return_403 (0.00s)
    --- PASS: TestGetUserRolesMe/get_user_roles_internal_server_error_and_return_500 (0.00s)
    --- FAIL: TestGetUserRolesMe/get_user_roles_should_only_return_roles_of_current_user (0.00s)
=== RUN   TestGetUserRolesList
=== RUN   TestGetUserRolesList/list_system_members_success_and_return_200
=== RUN   TestGetUserRolesList/list_resource_members_success_and_return_200
=== RUN   TestGetUserRolesList/list_system_members_filtered_by_namespace_success_and_return_200
=== RUN   TestGetUserRolesList/list_resource_members_filtered_by_resource_type_success_and_return_200
=== RUN   TestGetUserRolesList/list_members_missing_scope_parameter_and_return_400
=== RUN   TestGetUserRolesList/list_system_members_missing_namespace_parameter_(if_required)_and_return_400
=== RUN   TestGetUserRolesList/list_resource_members_missing_resource_params_and_return_400
=== RUN   TestGetUserRolesList/list_scope=system_but_provide_resource_type/resource_id_and_return_400
=== RUN   TestGetUserRolesList/list_scope=resource_but_provide_namespace_and_return_400
=== RUN   TestGetUserRolesList/list_scope=resource_missing_only_resource_id_and_return_400
=== RUN   TestGetUserRolesList/list_scope=resource_resource_type/resource_id_empty_string_and_return_400
=== RUN   TestGetUserRolesList/list_members_unauthorized_and_return_401
=== RUN   TestGetUserRolesList/list_system_members_forbidden_(missing_platform.system.get_member)_and_return_403
=== RUN   TestGetUserRolesList/list_resource_members_forbidden_(missing_resource_get_member)_and_return_403
=== RUN   TestGetUserRolesList/list_members_internal_error_and_return_500
=== RUN   TestGetUserRolesList/list_members_forbidden_should_not_reveal_existence_and_return_403_even_if_target_exists
=== RUN   TestGetUserRolesList/list_system_members_response_all_namespace_are_same_as_query
=== RUN   TestGetUserRolesList/list_resource_members_response_all_resource_type/resource_id_are_same_as_query
--- PASS: TestGetUserRolesList (0.00s)
    --- PASS: TestGetUserRolesList/list_system_members_success_and_return_200 (0.00s)
    --- PASS: TestGetUserRolesList/list_resource_members_success_and_return_200 (0.00s)
    --- PASS: TestGetUserRolesList/list_system_members_filtered_by_namespace_success_and_return_200 (0.00s)
    --- PASS: TestGetUserRolesList/list_resource_members_filtered_by_resource_type_success_and_return_200 (0.00s)
    --- PASS: TestGetUserRolesList/list_members_missing_scope_parameter_and_return_400 (0.00s)
    --- PASS: TestGetUserRolesList/list_system_members_missing_namespace_parameter_(if_required)_and_return_400 (0.00s)
    --- PASS: TestGetUserRolesList/list_resource_members_missing_resource_params_and_return_400 (0.00s)
    --- PASS: TestGetUserRolesList/list_scope=system_but_provide_resource_type/resource_id_and_return_400 (0.00s)
    --- PASS: TestGetUserRolesList/list_scope=resource_but_provide_namespace_and_return_400 (0.00s)
    --- PASS: TestGetUserRolesList/list_scope=resource_missing_only_resource_id_and_return_400 (0.00s)
    --- PASS: TestGetUserRolesList/list_scope=resource_resource_type/resource_id_empty_string_and_return_400 (0.00s)
    --- PASS: TestGetUserRolesList/list_members_unauthorized_and_return_401 (0.00s)
    --- PASS: TestGetUserRolesList/list_system_members_forbidden_(missing_platform.system.get_member)_and_return_403 (0.00s)
    --- PASS: TestGetUserRolesList/list_resource_members_forbidden_(missing_resource_get_member)_and_return_403 (0.00s)
    --- PASS: TestGetUserRolesList/list_members_internal_error_and_return_500 (0.00s)
    --- PASS: TestGetUserRolesList/list_members_forbidden_should_not_reveal_existence_and_return_403_even_if_target_exists (0.00s)
    --- PASS: TestGetUserRolesList/list_system_members_response_all_namespace_are_same_as_query (0.00s)
    --- PASS: TestGetUserRolesList/list_resource_members_response_all_resource_type/resource_id_are_same_as_query (0.00s)
FAIL
FAIL	command-line-arguments	1.274s
FAIL
